// Jest Snapshot v1, https://goo.gl/fbAQLP

exports[`History component renders History 1`] = `
<DocumentFragment>
  <div
    class="History"
  >
    <h3>
      History
    </h3>
    <ul>
      <li>
        <div>
          <div>
            POST
          </div>
          <div>
            http://www.test.api
          </div>
        </div>
      </li>
    </ul>
  </div>
</DocumentFragment>
`;
